<?xml version="1.0"?>
<testsuite name="Chrome 131.0.0.0 (Windows 10)" package="" timestamp="2024-11-29T12:55:38" id="0" hostname="DESKTOP-UJS5O5H" tests="7" errors="0" failures="0" time="0.06">
  <properties>
    <property name="browser.fullName" value="Mozilla/5.0 (Windows NT 10.0; Win64; x64) AppleWebKit/537.36 (KHTML, like Gecko) Chrome/131.0.0.0 Safari/537.36"/>
  </properties>
  <testcase name="LikeWidgetComponent Should NOT auto-generate ID during ngOnInit when (@Input id) is assigned" time="0.047" classname="LikeWidgetComponent"/>
  <testcase name="LikeWidgetComponent Should auto-generate ID during ngOnInit when (@Input id) is not assigned" time="0.005" classname="LikeWidgetComponent"/>
  <testcase name="LikeWidgetComponent #like&#xA;    should trigger (@Output liked) when called" time="0.004" classname="LikeWidgetComponent"/>
  <testcase name="LikeWidgetComponent Should create component" time="0.003" classname="LikeWidgetComponent"/>
  <testcase name="UniqueIdService #generateUniqueIdWithPrefix&#xA;    should not generate duplicate IDs when called multiple times" time="0" classname="UniqueIdService"/>
  <testcase name="UniqueIdService #generateUniqueIdWithPrefix&#xA;    should generate id when called with prefix" time="0.001" classname="UniqueIdService"/>
  <testcase name="UniqueIdService #getNumberOfGeneratedUniqueIds&#xA;    should return the number of generatedIds when called" time="0" classname="UniqueIdService"/>
  <system-out>
    <![CDATA[
]]>
  </system-out>
  <system-err/>
</testsuite>